check_recent_regs.ts(4,27): error TS2339: Property 'getAllRegistrations' does not exist on type 'typeof import("C:/Users/lsaud/Downloads/amigo-racing/server/db")'.
components/PaymentModal.tsx(127,28): error TS2339: Property 'paid' does not exist on type '{ status: "pending" | "confirmed" | "failed" | "refunded" | "processing"; success: boolean; isConfigured: boolean; paymentStatus: string; }'.
components/PaymentModal.tsx(152,13): error TS2353: Object literal may only specify known properties, and 'paymentMethod' does not exist in type '{ registrationId?: number; }'.
Dashboard.tsx(292,26): error TS2339: Property 'eventDocuments' does not exist on type '{ id?: number; createdAt?: string; updatedAt?: string; status?: "cancelled" | "pending" | "paid"; eventId?: number; userId?: number; categoryId?: number; vehicleId?: number; pilotName?: string; pilotEmail?: string; ... 19 more ...; eventName?: string; }'.
Dashboard.tsx(297,59): error TS2339: Property 'eventDocuments' does not exist on type '{ id?: number; createdAt?: string; updatedAt?: string; status?: "cancelled" | "pending" | "paid"; eventId?: number; userId?: number; categoryId?: number; vehicleId?: number; pilotName?: string; pilotEmail?: string; ... 19 more ...; eventName?: string; }'.
Dashboard.tsx(348,57): error TS2339: Property 'allow_cancel' does not exist on type '{ id?: number; createdAt?: string; updatedAt?: string; status?: "cancelled" | "pending" | "paid"; eventId?: number; userId?: number; categoryId?: number; vehicleId?: number; pilotName?: string; pilotEmail?: string; ... 19 more ...; eventName?: string; }'.
Dashboard.tsx(353,47): error TS2339: Property 'eventStartDate' does not exist on type '{ id?: number; createdAt?: string; updatedAt?: string; status?: "cancelled" | "pending" | "paid"; eventId?: number; userId?: number; categoryId?: number; vehicleId?: number; pilotName?: string; pilotEmail?: string; ... 19 more ...; eventName?: string; }'.
Dashboard.tsx(353,77): error TS2339: Property 'eventStartDate' does not exist on type '{ id?: number; createdAt?: string; updatedAt?: string; status?: "cancelled" | "pending" | "paid"; eventId?: number; userId?: number; categoryId?: number; vehicleId?: number; pilotName?: string; pilotEmail?: string; ... 19 more ...; eventName?: string; }'.
Dashboard.tsx(357,60): error TS2339: Property 'cancel_deadline_days' does not exist on type '{ id?: number; createdAt?: string; updatedAt?: string; status?: "cancelled" | "pending" | "paid"; eventId?: number; userId?: number; categoryId?: number; vehicleId?: number; pilotName?: string; pilotEmail?: string; ... 19 more ...; eventName?: string; }'.
main.tsx(52,7): error TS2322: Type 'typeof SuperJSON' is not assignable to type 'TypeError<"You must define a transformer on your your `initTRPC`-object first">'.
  Type 'typeof SuperJSON' is not assignable to type '"You must define a transformer on your your `initTRPC`-object first"'.
OrganizerRegistration.tsx(16,51): error TS2339: Property 'registerOrganizer' does not exist on type 'DecorateRouterRecord<{ ctx: TrpcContext; meta: object; errorShape: DefaultErrorShape; transformer: false; }, DecorateCreateRouterOptions<{ me: QueryProcedure<{ input: void; output: any; meta: object; }>; logout: MutationProcedure<...>; }>>'.
pages/BecomeOrganizer.tsx(24,92): error TS2339: Property 'myRequests' does not exist on type 'DecorateRouterRecord<{ ctx: TrpcContext; meta: object; errorShape: DefaultErrorShape; transformer: false; }, DecorateCreateRouterOptions<{ list: QueryProcedure<{ input: void; output: { id: number; userId: number; organizerName: string; ... 8 more ...; updatedAt: Date; }[]; meta: object; }>; approve: MutationProcedur...'.
pages/BecomeOrganizer.tsx(26,48): error TS2339: Property 'create' does not exist on type 'DecorateRouterRecord<{ ctx: TrpcContext; meta: object; errorShape: DefaultErrorShape; transformer: false; }, DecorateCreateRouterOptions<{ list: QueryProcedure<{ input: void; output: { id: number; userId: number; organizerName: string; ... 8 more ...; updatedAt: Date; }[]; meta: object; }>; approve: MutationProcedur...'.
pages/OrganizerPanel.tsx(519,19): error TS2352: Conversion of type '{ id?: number; name?: string; createdAt?: string; updatedAt?: string; description?: string; startDate?: string; endDate?: string; location?: string; city?: string; state?: string; status?: "open" | "closed" | "cancelled"; ... 9 more ...; refundEnabled?: boolean; }' to type 'EventWithCategories' may be a mistake because neither type sufficiently overlaps with the other. If this was intentional, convert the expression to 'unknown' first.
  Types of property 'startDate' are incompatible.
    Type 'string' is not comparable to type 'Date'.
pages/OrganizerPanel.tsx(536,35): error TS2339: Property 'insertId' does not exist on type '{ insertId: number; } | { success: boolean; id: number; }'.
  Property 'insertId' does not exist on type '{ success: boolean; id: number; }'.
pages/Registrations.tsx(44,46): error TS2339: Property 'updateStartInfo' does not exist on type 'DecorateRouterRecord<{ ctx: TrpcContext; meta: object; errorShape: DefaultErrorShape; transformer: false; }, DecorateCreateRouterOptions<{ create: MutationProcedure<{ input: any; output: { success: boolean; id: any; registrationId: any; }; meta: object; }>; listByEvent: QueryProcedure<...>; get: QueryProcedure<...>;...'.
pages/Registrations.tsx(54,51): error TS2339: Property 'getStatistics' does not exist on type 'DecorateRouterRecord<{ ctx: TrpcContext; meta: object; errorShape: DefaultErrorShape; transformer: false; }, DecorateCreateRouterOptions<{ create: MutationProcedure<{ input: any; output: { success: boolean; id: any; registrationId: any; }; meta: object; }>; listByEvent: QueryProcedure<...>; get: QueryProcedure<...>;...'.
pages/Registrations.tsx(66,53): error TS2339: Property 'getHistory' does not exist on type 'DecorateRouterRecord<{ ctx: TrpcContext; meta: object; errorShape: DefaultErrorShape; transformer: false; }, DecorateCreateRouterOptions<{ create: MutationProcedure<{ input: any; output: { success: boolean; id: any; registrationId: any; }; meta: object; }>; listByEvent: QueryProcedure<...>; get: QueryProcedure<...>;...'.
pages/Registrations.tsx(105,42): error TS2339: Property 'exportToExcel' does not exist on type 'DecorateRouterRecord<{ ctx: TrpcContext; meta: object; errorShape: DefaultErrorShape; transformer: false; }, DecorateCreateRouterOptions<{ create: MutationProcedure<{ input: any; output: { success: boolean; id: any; registrationId: any; }; meta: object; }>; listByEvent: QueryProcedure<...>; get: QueryProcedure<...>;...'.
pages/Registrations.tsx(110,43): error TS2339: Property 'exportKraken' does not exist on type 'DecorateRouterRecord<{ ctx: TrpcContext; meta: object; errorShape: DefaultErrorShape; transformer: false; }, DecorateCreateRouterOptions<{ create: MutationProcedure<{ input: any; output: { success: boolean; id: any; registrationId: any; }; meta: object; }>; listByEvent: QueryProcedure<...>; get: QueryProcedure<...>;...'.
pages/Registrations.tsx(115,40): error TS2339: Property 'startOrder' does not exist on type 'CreateTRPCReactBase<BuiltRouter<{ ctx: TrpcContext; meta: object; errorShape: DefaultErrorShape; transformer: false; }, DecorateCreateRouterOptions<{ system: BuiltRouter<{ ctx: TrpcContext; meta: object; errorShape: DefaultErrorShape; transformer: false; }, DecorateCreateRouterOptions<...>>; ... 9 more ...; upload: ...'.
pages/StartOrderConfig.tsx(20,39): error TS2339: Property 'getById' does not exist on type 'DecorateRouterRecord<{ ctx: TrpcContext; meta: object; errorShape: DefaultErrorShape; transformer: false; }, DecorateCreateRouterOptions<{ list: QueryProcedure<{ input: void; output: { id: number; name: string; description: string; ... 17 more ...; updatedAt: Date; }[]; meta: object; }>; ... 8 more ...; listImages: ...'.
pages/StartOrderConfig.tsx(22,67): error TS2339: Property 'getStatistics' does not exist on type 'DecorateRouterRecord<{ ctx: TrpcContext; meta: object; errorShape: DefaultErrorShape; transformer: false; }, DecorateCreateRouterOptions<{ create: MutationProcedure<{ input: any; output: { success: boolean; id: any; registrationId: any; }; meta: object; }>; listByEvent: QueryProcedure<...>; get: QueryProcedure<...>;...'.
pages/StartOrderConfig.tsx(23,49): error TS2339: Property 'startOrder' does not exist on type 'CreateTRPCReactBase<BuiltRouter<{ ctx: TrpcContext; meta: object; errorShape: DefaultErrorShape; transformer: false; }, DecorateCreateRouterOptions<{ system: BuiltRouter<{ ctx: TrpcContext; meta: object; errorShape: DefaultErrorShape; transformer: false; }, DecorateCreateRouterOptions<...>>; ... 9 more ...; upload: ...'.
pages/StartOrderConfig.tsx(27,31): error TS2339: Property 'startOrder' does not exist on type 'CreateTRPCReactBase<BuiltRouter<{ ctx: TrpcContext; meta: object; errorShape: DefaultErrorShape; transformer: false; }, DecorateCreateRouterOptions<{ system: BuiltRouter<{ ctx: TrpcContext; meta: object; errorShape: DefaultErrorShape; transformer: false; }, DecorateCreateRouterOptions<...>>; ... 9 more ...; upload: ...'.
pages/StartOrderConfig.tsx(28,36): error TS2339: Property 'startOrder' does not exist on type 'CreateTRPCReactBase<BuiltRouter<{ ctx: TrpcContext; meta: object; errorShape: DefaultErrorShape; transformer: false; }, DecorateCreateRouterOptions<{ system: BuiltRouter<{ ctx: TrpcContext; meta: object; errorShape: DefaultErrorShape; transformer: false; }, DecorateCreateRouterOptions<...>>; ... 9 more ...; upload: ...'.
pages/StartOrderConfig.tsx(29,31): error TS2339: Property 'startOrder' does not exist on type 'CreateTRPCReactBase<BuiltRouter<{ ctx: TrpcContext; meta: object; errorShape: DefaultErrorShape; transformer: false; }, DecorateCreateRouterOptions<{ system: BuiltRouter<{ ctx: TrpcContext; meta: object; errorShape: DefaultErrorShape; transformer: false; }, DecorateCreateRouterOptions<...>>; ... 9 more ...; upload: ...'.
pages/StartOrderConfig.tsx(30,37): error TS2339: Property 'startOrder' does not exist on type 'CreateTRPCReactBase<BuiltRouter<{ ctx: TrpcContext; meta: object; errorShape: DefaultErrorShape; transformer: false; }, DecorateCreateRouterOptions<{ system: BuiltRouter<{ ctx: TrpcContext; meta: object; errorShape: DefaultErrorShape; transformer: false; }, DecorateCreateRouterOptions<...>>; ... 9 more ...; upload: ...'.
pages/StartOrderConfig.tsx(31,40): error TS2339: Property 'startOrder' does not exist on type 'CreateTRPCReactBase<BuiltRouter<{ ctx: TrpcContext; meta: object; errorShape: DefaultErrorShape; transformer: false; }, DecorateCreateRouterOptions<{ system: BuiltRouter<{ ctx: TrpcContext; meta: object; errorShape: DefaultErrorShape; transformer: false; }, DecorateCreateRouterOptions<...>>; ... 9 more ...; upload: ...'.
PaymentModal.tsx(127,24): error TS2339: Property 'paid' does not exist on type '{ status: "pending" | "confirmed" | "failed" | "refunded" | "processing"; success: boolean; isConfigured: boolean; paymentStatus: string; }'.
PaymentModal.tsx(152,7): error TS2353: Object literal may only specify known properties, and 'paymentMethod' does not exist in type '{ registrationId?: number; }'.
Registrations.tsx(44,46): error TS2339: Property 'updateStartInfo' does not exist on type 'DecorateRouterRecord<{ ctx: TrpcContext; meta: object; errorShape: DefaultErrorShape; transformer: false; }, DecorateCreateRouterOptions<{ create: MutationProcedure<{ input: any; output: { success: boolean; id: any; registrationId: any; }; meta: object; }>; listByEvent: QueryProcedure<...>; get: QueryProcedure<...>;...'.
Registrations.tsx(54,51): error TS2339: Property 'getStatistics' does not exist on type 'DecorateRouterRecord<{ ctx: TrpcContext; meta: object; errorShape: DefaultErrorShape; transformer: false; }, DecorateCreateRouterOptions<{ create: MutationProcedure<{ input: any; output: { success: boolean; id: any; registrationId: any; }; meta: object; }>; listByEvent: QueryProcedure<...>; get: QueryProcedure<...>;...'.
Registrations.tsx(66,53): error TS2339: Property 'getHistory' does not exist on type 'DecorateRouterRecord<{ ctx: TrpcContext; meta: object; errorShape: DefaultErrorShape; transformer: false; }, DecorateCreateRouterOptions<{ create: MutationProcedure<{ input: any; output: { success: boolean; id: any; registrationId: any; }; meta: object; }>; listByEvent: QueryProcedure<...>; get: QueryProcedure<...>;...'.
Registrations.tsx(105,42): error TS2339: Property 'exportToExcel' does not exist on type 'DecorateRouterRecord<{ ctx: TrpcContext; meta: object; errorShape: DefaultErrorShape; transformer: false; }, DecorateCreateRouterOptions<{ create: MutationProcedure<{ input: any; output: { success: boolean; id: any; registrationId: any; }; meta: object; }>; listByEvent: QueryProcedure<...>; get: QueryProcedure<...>;...'.
Registrations.tsx(110,43): error TS2339: Property 'exportKraken' does not exist on type 'DecorateRouterRecord<{ ctx: TrpcContext; meta: object; errorShape: DefaultErrorShape; transformer: false; }, DecorateCreateRouterOptions<{ create: MutationProcedure<{ input: any; output: { success: boolean; id: any; registrationId: any; }; meta: object; }>; listByEvent: QueryProcedure<...>; get: QueryProcedure<...>;...'.
Registrations.tsx(115,40): error TS2339: Property 'startOrder' does not exist on type 'CreateTRPCReactBase<BuiltRouter<{ ctx: TrpcContext; meta: object; errorShape: DefaultErrorShape; transformer: false; }, DecorateCreateRouterOptions<{ system: BuiltRouter<{ ctx: TrpcContext; meta: object; errorShape: DefaultErrorShape; transformer: false; }, DecorateCreateRouterOptions<...>>; ... 9 more ...; upload: ...'.
server/routers.ts(560,23): error TS2339: Property 'storagePut' does not exist on type 'typeof import("C:/Users/lsaud/Downloads/amigo-racing/server/pagarme")'.
server/routers.ts(561,35): error TS2339: Property 'storageGet' does not exist on type 'typeof import("C:/Users/lsaud/Downloads/amigo-racing/server/pagarme")'.
ShirtsReport.tsx(3,119): error TS2307: Cannot find module 'recharts' or its corresponding type declarations.
SorteoPage.tsx(138,39): error TS2339: Property 'getById' does not exist on type 'DecorateRouterRecord<{ ctx: TrpcContext; meta: object; errorShape: DefaultErrorShape; transformer: false; }, DecorateCreateRouterOptions<{ list: QueryProcedure<{ input: void; output: { id: number; name: string; description: string; ... 17 more ...; updatedAt: Date; }[]; meta: object; }>; ... 8 more ...; listImages: ...'.
SorteoPage.tsx(153,39): error TS2339: Property 'startOrder' does not exist on type 'CreateTRPCReactBase<BuiltRouter<{ ctx: TrpcContext; meta: object; errorShape: DefaultErrorShape; transformer: false; }, DecorateCreateRouterOptions<{ system: BuiltRouter<{ ctx: TrpcContext; meta: object; errorShape: DefaultErrorShape; transformer: false; }, DecorateCreateRouterOptions<...>>; ... 9 more ...; upload: ...'.
SorteoPage.tsx(158,31): error TS2339: Property 'startOrder' does not exist on type 'CreateTRPCReactBase<BuiltRouter<{ ctx: TrpcContext; meta: object; errorShape: DefaultErrorShape; transformer: false; }, DecorateCreateRouterOptions<{ system: BuiltRouter<{ ctx: TrpcContext; meta: object; errorShape: DefaultErrorShape; transformer: false; }, DecorateCreateRouterOptions<...>>; ... 9 more ...; upload: ...'.
SorteoPage.tsx(159,45): error TS2339: Property 'startOrder' does not exist on type 'CreateTRPCReactBase<BuiltRouter<{ ctx: TrpcContext; meta: object; errorShape: DefaultErrorShape; transformer: false; }, DecorateCreateRouterOptions<{ system: BuiltRouter<{ ctx: TrpcContext; meta: object; errorShape: DefaultErrorShape; transformer: false; }, DecorateCreateRouterOptions<...>>; ... 9 more ...; upload: ...'.
SorteoPage.tsx(160,42): error TS2339: Property 'startOrder' does not exist on type 'CreateTRPCReactBase<BuiltRouter<{ ctx: TrpcContext; meta: object; errorShape: DefaultErrorShape; transformer: false; }, DecorateCreateRouterOptions<{ system: BuiltRouter<{ ctx: TrpcContext; meta: object; errorShape: DefaultErrorShape; transformer: false; }, DecorateCreateRouterOptions<...>>; ... 9 more ...; upload: ...'.
SorteoPage.tsx(161,37): error TS2339: Property 'startOrder' does not exist on type 'CreateTRPCReactBase<BuiltRouter<{ ctx: TrpcContext; meta: object; errorShape: DefaultErrorShape; transformer: false; }, DecorateCreateRouterOptions<{ system: BuiltRouter<{ ctx: TrpcContext; meta: object; errorShape: DefaultErrorShape; transformer: false; }, DecorateCreateRouterOptions<...>>; ... 9 more ...; upload: ...'.
SorteoPage.tsx(508,23): error TS2339: Property 'startOrder' does not exist on type 'TRPCContextPropsBase<BuiltRouter<{ ctx: TrpcContext; meta: object; errorShape: DefaultErrorShape; transformer: false; }, DecorateCreateRouterOptions<{ system: BuiltRouter<{ ctx: TrpcContext; meta: object; errorShape: DefaultErrorShape; transformer: false; }, DecorateCreateRouterOptions<...>>; ... 9 more ...; upload:...'.
StartOrderConfig.tsx(20,39): error TS2339: Property 'getById' does not exist on type 'DecorateRouterRecord<{ ctx: TrpcContext; meta: object; errorShape: DefaultErrorShape; transformer: false; }, DecorateCreateRouterOptions<{ list: QueryProcedure<{ input: void; output: { id: number; name: string; description: string; ... 17 more ...; updatedAt: Date; }[]; meta: object; }>; ... 8 more ...; listImages: ...'.
StartOrderConfig.tsx(22,67): error TS2339: Property 'getStatistics' does not exist on type 'DecorateRouterRecord<{ ctx: TrpcContext; meta: object; errorShape: DefaultErrorShape; transformer: false; }, DecorateCreateRouterOptions<{ create: MutationProcedure<{ input: any; output: { success: boolean; id: any; registrationId: any; }; meta: object; }>; listByEvent: QueryProcedure<...>; get: QueryProcedure<...>;...'.
StartOrderConfig.tsx(23,49): error TS2339: Property 'startOrder' does not exist on type 'CreateTRPCReactBase<BuiltRouter<{ ctx: TrpcContext; meta: object; errorShape: DefaultErrorShape; transformer: false; }, DecorateCreateRouterOptions<{ system: BuiltRouter<{ ctx: TrpcContext; meta: object; errorShape: DefaultErrorShape; transformer: false; }, DecorateCreateRouterOptions<...>>; ... 9 more ...; upload: ...'.
StartOrderConfig.tsx(27,31): error TS2339: Property 'startOrder' does not exist on type 'CreateTRPCReactBase<BuiltRouter<{ ctx: TrpcContext; meta: object; errorShape: DefaultErrorShape; transformer: false; }, DecorateCreateRouterOptions<{ system: BuiltRouter<{ ctx: TrpcContext; meta: object; errorShape: DefaultErrorShape; transformer: false; }, DecorateCreateRouterOptions<...>>; ... 9 more ...; upload: ...'.
StartOrderConfig.tsx(28,36): error TS2339: Property 'startOrder' does not exist on type 'CreateTRPCReactBase<BuiltRouter<{ ctx: TrpcContext; meta: object; errorShape: DefaultErrorShape; transformer: false; }, DecorateCreateRouterOptions<{ system: BuiltRouter<{ ctx: TrpcContext; meta: object; errorShape: DefaultErrorShape; transformer: false; }, DecorateCreateRouterOptions<...>>; ... 9 more ...; upload: ...'.
StartOrderConfig.tsx(29,31): error TS2339: Property 'startOrder' does not exist on type 'CreateTRPCReactBase<BuiltRouter<{ ctx: TrpcContext; meta: object; errorShape: DefaultErrorShape; transformer: false; }, DecorateCreateRouterOptions<{ system: BuiltRouter<{ ctx: TrpcContext; meta: object; errorShape: DefaultErrorShape; transformer: false; }, DecorateCreateRouterOptions<...>>; ... 9 more ...; upload: ...'.
StartOrderConfig.tsx(30,37): error TS2339: Property 'startOrder' does not exist on type 'CreateTRPCReactBase<BuiltRouter<{ ctx: TrpcContext; meta: object; errorShape: DefaultErrorShape; transformer: false; }, DecorateCreateRouterOptions<{ system: BuiltRouter<{ ctx: TrpcContext; meta: object; errorShape: DefaultErrorShape; transformer: false; }, DecorateCreateRouterOptions<...>>; ... 9 more ...; upload: ...'.
StartOrderConfig.tsx(31,40): error TS2339: Property 'startOrder' does not exist on type 'CreateTRPCReactBase<BuiltRouter<{ ctx: TrpcContext; meta: object; errorShape: DefaultErrorShape; transformer: false; }, DecorateCreateRouterOptions<{ system: BuiltRouter<{ ctx: TrpcContext; meta: object; errorShape: DefaultErrorShape; transformer: false; }, DecorateCreateRouterOptions<...>>; ... 9 more ...; upload: ...'.
